{
  "language": "@/js",
  "languageOptions": {
    "ecmaVersion": 2026,
    "globals": {
      "AI": false,
      "AICreateMonitor": false,
      "AITextSession": false,
      "AbortController": false,
      "AbortSignal": false,
      "AbsoluteOrientationSensor": false,
      "AbstractRange": false,
      "Accelerometer": false,
      "AnalyserNode": false,
      "Animation": false,
      "AnimationEffect": false,
      "AnimationEvent": false,
      "AnimationPlaybackEvent": false,
      "AnimationTimeline": false,
      "AsyncDisposableStack": false,
      "Attr": false,
      "Audio": false,
      "AudioBuffer": false,
      "AudioBufferSourceNode": false,
      "AudioContext": false,
      "AudioData": false,
      "AudioDecoder": false,
      "AudioDestinationNode": false,
      "AudioEncoder": false,
      "AudioListener": false,
      "AudioNode": false,
      "AudioParam": false,
      "AudioParamMap": false,
      "AudioProcessingEvent": false,
      "AudioScheduledSourceNode": false,
      "AudioSinkInfo": false,
      "AudioWorklet": false,
      "AudioWorkletNode": false,
      "AuthenticatorAssertionResponse": false,
      "AuthenticatorAttestationResponse": false,
      "AuthenticatorResponse": false,
      "BackgroundFetchManager": false,
      "BackgroundFetchRecord": false,
      "BackgroundFetchRegistration": false,
      "BarProp": false,
      "BarcodeDetector": false,
      "BaseAudioContext": false,
      "BatteryManager": false,
      "BeforeUnloadEvent": false,
      "BiquadFilterNode": false,
      "Blob": false,
      "BlobEvent": false,
      "Bluetooth": false,
      "BluetoothCharacteristicProperties": false,
      "BluetoothDevice": false,
      "BluetoothRemoteGATTCharacteristic": false,
      "BluetoothRemoteGATTDescriptor": false,
      "BluetoothRemoteGATTServer": false,
      "BluetoothRemoteGATTService": false,
      "BluetoothUUID": false,
      "BroadcastChannel": false,
      "BrowserCaptureMediaStreamTrack": false,
      "ByteLengthQueuingStrategy": false,
      "CDATASection": false,
      "CSPViolationReportBody": false,
      "CSS": false,
      "CSSAnimation": false,
      "CSSConditionRule": false,
      "CSSContainerRule": false,
      "CSSCounterStyleRule": false,
      "CSSFontFaceRule": false,
      "CSSFontFeatureValuesRule": false,
      "CSSFontPaletteValuesRule": false,
      "CSSFunctionDeclarations": false,
      "CSSFunctionDescriptors": false,
      "CSSFunctionRule": false,
      "CSSGroupingRule": false,
      "CSSImageValue": false,
      "CSSImportRule": false,
      "CSSKeyframeRule": false,
      "CSSKeyframesRule": false,
      "CSSKeywordValue": false,
      "CSSLayerBlockRule": false,
      "CSSLayerStatementRule": false,
      "CSSMarginRule": false,
      "CSSMathClamp": false,
      "CSSMathInvert": false,
      "CSSMathMax": false,
      "CSSMathMin": false,
      "CSSMathNegate": false,
      "CSSMathProduct": false,
      "CSSMathSum": false,
      "CSSMathValue": false,
      "CSSMatrixComponent": false,
      "CSSMediaRule": false,
      "CSSNamespaceRule": false,
      "CSSNestedDeclarations": false,
      "CSSNumericArray": false,
      "CSSNumericValue": false,
      "CSSPageDescriptors": false,
      "CSSPageRule": false,
      "CSSPerspective": false,
      "CSSPositionTryDescriptors": false,
      "CSSPositionTryRule": false,
      "CSSPositionValue": false,
      "CSSPropertyRule": false,
      "CSSRotate": false,
      "CSSRule": false,
      "CSSRuleList": false,
      "CSSScale": false,
      "CSSScopeRule": false,
      "CSSSkew": false,
      "CSSSkewX": false,
      "CSSSkewY": false,
      "CSSStartingStyleRule": false,
      "CSSStyleDeclaration": false,
      "CSSStyleProperties": false,
      "CSSStyleRule": false,
      "CSSStyleSheet": false,
      "CSSStyleValue": false,
      "CSSSupportsRule": false,
      "CSSTransformComponent": false,
      "CSSTransformValue": false,
      "CSSTransition": false,
      "CSSTranslate": false,
      "CSSUnitValue": false,
      "CSSUnparsedValue": false,
      "CSSVariableReferenceValue": false,
      "CSSViewTransitionRule": false,
      "Cache": false,
      "CacheStorage": false,
      "CanvasCaptureMediaStream": false,
      "CanvasCaptureMediaStreamTrack": false,
      "CanvasGradient": false,
      "CanvasPattern": false,
      "CanvasRenderingContext2D": false,
      "CaptureController": false,
      "CaretPosition": false,
      "ChannelMergerNode": false,
      "ChannelSplitterNode": false,
      "ChapterInformation": false,
      "CharacterBoundsUpdateEvent": false,
      "CharacterData": false,
      "Clipboard": false,
      "ClipboardChangeEvent": false,
      "ClipboardEvent": false,
      "ClipboardItem": false,
      "CloseEvent": false,
      "CloseWatcher": false,
      "CommandEvent": false,
      "Comment": false,
      "CompositionEvent": false,
      "CompressionStream": false,
      "ConstantSourceNode": false,
      "ContentVisibilityAutoStateChangeEvent": false,
      "ConvolverNode": false,
      "CookieChangeEvent": false,
      "CookieDeprecationLabel": false,
      "CookieStore": false,
      "CookieStoreManager": false,
      "CountQueuingStrategy": false,
      "CreateMonitor": false,
      "Credential": false,
      "CredentialsContainer": false,
      "CropTarget": false,
      "Crypto": false,
      "CryptoKey": false,
      "CustomElementRegistry": false,
      "CustomEvent": false,
      "CustomStateSet": false,
      "DOMError": false,
      "DOMException": false,
      "DOMImplementation": false,
      "DOMMatrix": false,
      "DOMMatrixReadOnly": false,
      "DOMParser": false,
      "DOMPoint": false,
      "DOMPointReadOnly": false,
      "DOMQuad": false,
      "DOMRect": false,
      "DOMRectList": false,
      "DOMRectReadOnly": false,
      "DOMStringList": false,
      "DOMStringMap": false,
      "DOMTokenList": false,
      "DataTransfer": false,
      "DataTransferItem": false,
      "DataTransferItemList": false,
      "DecompressionStream": false,
      "DelayNode": false,
      "DelegatedInkTrailPresenter": false,
      "DeviceMotionEvent": false,
      "DeviceMotionEventAcceleration": false,
      "DeviceMotionEventRotationRate": false,
      "DeviceOrientationEvent": false,
      "DevicePosture": false,
      "DigitalCredential": false,
      "DisposableStack": false,
      "Document": false,
      "DocumentFragment": false,
      "DocumentPictureInPicture": false,
      "DocumentPictureInPictureEvent": false,
      "DocumentTimeline": false,
      "DocumentType": false,
      "DragEvent": false,
      "DynamicsCompressorNode": false,
      "EditContext": false,
      "Element": false,
      "ElementInternals": false,
      "EncodedAudioChunk": false,
      "EncodedVideoChunk": false,
      "ErrorEvent": false,
      "Event": false,
      "EventCounts": false,
      "EventSource": false,
      "EventTarget": false,
      "External": false,
      "EyeDropper": false,
      "FeaturePolicy": false,
      "FederatedCredential": false,
      "Fence": false,
      "FencedFrameConfig": false,
      "FetchLaterResult": false,
      "File": false,
      "FileList": false,
      "FileReader": false,
      "FileSystem": false,
      "FileSystemDirectoryEntry": false,
      "FileSystemDirectoryHandle": false,
      "FileSystemDirectoryReader": false,
      "FileSystemEntry": false,
      "FileSystemFileEntry": false,
      "FileSystemFileHandle": false,
      "FileSystemHandle": false,
      "FileSystemObserver": false,
      "FileSystemWritableFileStream": false,
      "FocusEvent": false,
      "FontData": false,
      "FontFace": false,
      "FontFaceSet": false,
      "FontFaceSetLoadEvent": false,
      "FormData": false,
      "FormDataEvent": false,
      "FragmentDirective": false,
      "GPU": false,
      "GPUAdapter": false,
      "GPUAdapterInfo": false,
      "GPUBindGroup": false,
      "GPUBindGroupLayout": false,
      "GPUBuffer": false,
      "GPUBufferUsage": false,
      "GPUCanvasContext": false,
      "GPUColorWrite": false,
      "GPUCommandBuffer": false,
      "GPUCommandEncoder": false,
      "GPUCompilationInfo": false,
      "GPUCompilationMessage": false,
      "GPUComputePassEncoder": false,
      "GPUComputePipeline": false,
      "GPUDevice": false,
      "GPUDeviceLostInfo": false,
      "GPUError": false,
      "GPUExternalTexture": false,
      "GPUInternalError": false,
      "GPUMapMode": false,
      "GPUOutOfMemoryError": false,
      "GPUPipelineError": false,
      "GPUPipelineLayout": false,
      "GPUQuerySet": false,
      "GPUQueue": false,
      "GPURenderBundle": false,
      "GPURenderBundleEncoder": false,
      "GPURenderPassEncoder": false,
      "GPURenderPipeline": false,
      "GPUSampler": false,
      "GPUShaderModule": false,
      "GPUShaderStage": false,
      "GPUSupportedFeatures": false,
      "GPUSupportedLimits": false,
      "GPUTexture": false,
      "GPUTextureUsage": false,
      "GPUTextureView": false,
      "GPUUncapturedErrorEvent": false,
      "GPUValidationError": false,
      "GainNode": false,
      "Gamepad": false,
      "GamepadAxisMoveEvent": false,
      "GamepadButton": false,
      "GamepadButtonEvent": false,
      "GamepadEvent": false,
      "GamepadHapticActuator": false,
      "GamepadPose": false,
      "Geolocation": false,
      "GeolocationCoordinates": false,
      "GeolocationPosition": false,
      "GeolocationPositionError": false,
      "GravitySensor": false,
      "Gyroscope": false,
      "HID": false,
      "HIDConnectionEvent": false,
      "HIDDevice": false,
      "HIDInputReportEvent": false,
      "HTMLAllCollection": false,
      "HTMLAnchorElement": false,
      "HTMLAreaElement": false,
      "HTMLAudioElement": false,
      "HTMLBRElement": false,
      "HTMLBaseElement": false,
      "HTMLBodyElement": false,
      "HTMLButtonElement": false,
      "HTMLCanvasElement": false,
      "HTMLCollection": false,
      "HTMLDListElement": false,
      "HTMLDataElement": false,
      "HTMLDataListElement": false,
      "HTMLDetailsElement": false,
      "HTMLDialogElement": false,
      "HTMLDirectoryElement": false,
      "HTMLDivElement": false,
      "HTMLDocument": false,
      "HTMLElement": false,
      "HTMLEmbedElement": false,
      "HTMLFencedFrameElement": false,
      "HTMLFieldSetElement": false,
      "HTMLFontElement": false,
      "HTMLFormControlsCollection": false,
      "HTMLFormElement": false,
      "HTMLFrameElement": false,
      "HTMLFrameSetElement": false,
      "HTMLHRElement": false,
      "HTMLHeadElement": false,
      "HTMLHeadingElement": false,
      "HTMLHtmlElement": false,
      "HTMLIFrameElement": false,
      "HTMLImageElement": false,
      "HTMLInputElement": false,
      "HTMLLIElement": false,
      "HTMLLabelElement": false,
      "HTMLLegendElement": false,
      "HTMLLinkElement": false,
      "HTMLMapElement": false,
      "HTMLMarqueeElement": false,
      "HTMLMediaElement": false,
      "HTMLMenuElement": false,
      "HTMLMetaElement": false,
      "HTMLMeterElement": false,
      "HTMLModElement": false,
      "HTMLOListElement": false,
      "HTMLObjectElement": false,
      "HTMLOptGroupElement": false,
      "HTMLOptionElement": false,
      "HTMLOptionsCollection": false,
      "HTMLOutputElement": false,
      "HTMLParagraphElement": false,
      "HTMLParamElement": false,
      "HTMLPictureElement": false,
      "HTMLPreElement": false,
      "HTMLProgressElement": false,
      "HTMLQuoteElement": false,
      "HTMLScriptElement": false,
      "HTMLSelectElement": false,
      "HTMLSelectedContentElement": false,
      "HTMLSlotElement": false,
      "HTMLSourceElement": false,
      "HTMLSpanElement": false,
      "HTMLStyleElement": false,
      "HTMLTableCaptionElement": false,
      "HTMLTableCellElement": false,
      "HTMLTableColElement": false,
      "HTMLTableElement": false,
      "HTMLTableRowElement": false,
      "HTMLTableSectionElement": false,
      "HTMLTemplateElement": false,
      "HTMLTextAreaElement": false,
      "HTMLTimeElement": false,
      "HTMLTitleElement": false,
      "HTMLTrackElement": false,
      "HTMLUListElement": false,
      "HTMLUnknownElement": false,
      "HTMLVideoElement": false,
      "HashChangeEvent": false,
      "Headers": false,
      "Highlight": false,
      "HighlightRegistry": false,
      "History": false,
      "IDBCursor": false,
      "IDBCursorWithValue": false,
      "IDBDatabase": false,
      "IDBFactory": false,
      "IDBIndex": false,
      "IDBKeyRange": false,
      "IDBObjectStore": false,
      "IDBOpenDBRequest": false,
      "IDBRecord": false,
      "IDBRequest": false,
      "IDBTransaction": false,
      "IDBVersionChangeEvent": false,
      "IIRFilterNode": false,
      "IdentityCredential": false,
      "IdentityCredentialError": false,
      "IdentityProvider": false,
      "IdleDeadline": false,
      "IdleDetector": false,
      "Image": false,
      "ImageBitmap": false,
      "ImageBitmapRenderingContext": false,
      "ImageCapture": false,
      "ImageData": false,
      "ImageDecoder": false,
      "ImageTrack": false,
      "ImageTrackList": false,
      "Ink": false,
      "InputDeviceCapabilities": false,
      "InputDeviceInfo": false,
      "InputEvent": false,
      "IntegrityViolationReportBody": false,
      "InterestEvent": false,
      "IntersectionObserver": false,
      "IntersectionObserverEntry": false,
      "Keyboard": false,
      "KeyboardEvent": false,
      "KeyboardLayoutMap": false,
      "KeyframeEffect": false,
      "LanguageDetector": false,
      "LargestContentfulPaint": false,
      "LaunchParams": false,
      "LaunchQueue": false,
      "LayoutShift": false,
      "LayoutShiftAttribution": false,
      "LinearAccelerationSensor": false,
      "Location": false,
      "Lock": false,
      "LockManager": false,
      "MIDIAccess": false,
      "MIDIConnectionEvent": false,
      "MIDIInput": false,
      "MIDIInputMap": false,
      "MIDIMessageEvent": false,
      "MIDIOutput": false,
      "MIDIOutputMap": false,
      "MIDIPort": false,
      "MathMLElement": false,
      "MediaCapabilities": false,
      "MediaCapabilitiesInfo": false,
      "MediaDeviceInfo": false,
      "MediaDevices": false,
      "MediaElementAudioSourceNode": false,
      "MediaEncryptedEvent": false,
      "MediaError": false,
      "MediaKeyError": false,
      "MediaKeyMessageEvent": false,
      "MediaKeySession": false,
      "MediaKeyStatusMap": false,
      "MediaKeySystemAccess": false,
      "MediaKeys": false,
      "MediaList": false,
      "MediaMetadata": false,
      "MediaQueryList": false,
      "MediaQueryListEvent": false,
      "MediaRecorder": false,
      "MediaRecorderErrorEvent": false,
      "MediaSession": false,
      "MediaSource": false,
      "MediaSourceHandle": false,
      "MediaStream": false,
      "MediaStreamAudioDestinationNode": false,
      "MediaStreamAudioSourceNode": false,
      "MediaStreamEvent": false,
      "MediaStreamTrack": false,
      "MediaStreamTrackAudioSourceNode": false,
      "MediaStreamTrackAudioStats": false,
      "MediaStreamTrackEvent": false,
      "MediaStreamTrackGenerator": false,
      "MediaStreamTrackProcessor": false,
      "MediaStreamTrackVideoStats": false,
      "MessageChannel": false,
      "MessageEvent": false,
      "MessagePort": false,
      "MimeType": false,
      "MimeTypeArray": false,
      "ModelGenericSession": false,
      "ModelManager": false,
      "MouseEvent": false,
      "MutationEvent": false,
      "MutationObserver": false,
      "MutationRecord": false,
      "NamedNodeMap": false,
      "NavigateEvent": false,
      "Navigation": false,
      "NavigationActivation": false,
      "NavigationCurrentEntryChangeEvent": false,
      "NavigationDestination": false,
      "NavigationHistoryEntry": false,
      "NavigationPrecommitController": false,
      "NavigationPreloadManager": false,
      "NavigationTransition": false,
      "Navigator": false,
      "NavigatorLogin": false,
      "NavigatorManagedData": false,
      "NavigatorUAData": false,
      "NetworkInformation": false,
      "Node": false,
      "NodeFilter": false,
      "NodeIterator": false,
      "NodeList": false,
      "NotRestoredReasonDetails": false,
      "NotRestoredReasons": false,
      "Notification": false,
      "NotifyPaintEvent": false,
      "OTPCredential": false,
      "Observable": false,
      "OfflineAudioCompletionEvent": false,
      "OfflineAudioContext": false,
      "OffscreenCanvas": false,
      "OffscreenCanvasRenderingContext2D": false,
      "Option": false,
      "OrientationSensor": false,
      "OscillatorNode": false,
      "OverconstrainedError": false,
      "PERSISTENT": false,
      "PageRevealEvent": false,
      "PageSwapEvent": false,
      "PageTransitionEvent": false,
      "PannerNode": false,
      "PasswordCredential": false,
      "Path2D": "<path>",
      "PaymentAddress": false,
      "PaymentManager": false,
      "PaymentMethodChangeEvent": false,
      "PaymentRequest": false,
      "PaymentRequestUpdateEvent": false,
      "PaymentResponse": false,
      "Performance": false,
      "PerformanceElementTiming": false,
      "PerformanceEntry": false,
      "PerformanceEventTiming": false,
      "PerformanceLongAnimationFrameTiming": false,
      "PerformanceLongTaskTiming": false,
      "PerformanceMark": false,
      "PerformanceMeasure": false,
      "PerformanceNavigation": false,
      "PerformanceNavigationTiming": false,
      "PerformanceObserver": false,
      "PerformanceObserverEntryList": false,
      "PerformancePaintTiming": false,
      "PerformanceResourceTiming": false,
      "PerformanceScriptTiming": false,
      "PerformanceServerTiming": false,
      "PerformanceTiming": false,
      "PeriodicSyncManager": false,
      "PeriodicWave": false,
      "PermissionStatus": false,
      "Permissions": false,
      "PictureInPictureEvent": false,
      "PictureInPictureWindow": false,
      "Plugin": false,
      "PluginArray": false,
      "PointerEvent": false,
      "PopStateEvent": false,
      "Presentation": false,
      "PresentationAvailability": false,
      "PresentationConnection": false,
      "PresentationConnectionAvailableEvent": false,
      "PresentationConnectionCloseEvent": false,
      "PresentationConnectionList": false,
      "PresentationReceiver": false,
      "PresentationRequest": false,
      "PressureObserver": false,
      "PressureRecord": false,
      "ProcessingInstruction": false,
      "Profiler": false,
      "ProgressEvent": false,
      "PromiseRejectionEvent": false,
      "ProtectedAudience": false,
      "PublicKeyCredential": false,
      "PushManager": false,
      "PushSubscription": false,
      "PushSubscriptionOptions": false,
      "QuotaExceededError": false,
      "RTCCertificate": false,
      "RTCDTMFSender": false,
      "RTCDTMFToneChangeEvent": false,
      "RTCDataChannel": false,
      "RTCDataChannelEvent": false,
      "RTCDtlsTransport": false,
      "RTCEncodedAudioFrame": false,
      "RTCEncodedVideoFrame": false,
      "RTCError": false,
      "RTCErrorEvent": false,
      "RTCIceCandidate": false,
      "RTCIceTransport": false,
      "RTCPeerConnection": false,
      "RTCPeerConnectionIceErrorEvent": false,
      "RTCPeerConnectionIceEvent": false,
      "RTCRtpReceiver": false,
      "RTCRtpScriptTransform": false,
      "RTCRtpSender": false,
      "RTCRtpTransceiver": false,
      "RTCSctpTransport": false,
      "RTCSessionDescription": false,
      "RTCStatsReport": false,
      "RTCTrackEvent": false,
      "RadioNodeList": false,
      "Range": false,
      "ReadableByteStreamController": false,
      "ReadableStream": false,
      "ReadableStreamBYOBReader": false,
      "ReadableStreamBYOBRequest": false,
      "ReadableStreamDefaultController": false,
      "ReadableStreamDefaultReader": false,
      "RelativeOrientationSensor": false,
      "RemotePlayback": false,
      "ReportBody": false,
      "ReportingObserver": false,
      "Request": false,
      "ResizeObserver": false,
      "ResizeObserverEntry": false,
      "ResizeObserverSize": false,
      "Response": false,
      "RestrictionTarget": false,
      "SVGAElement": false,
      "SVGAngle": false,
      "SVGAnimateElement": false,
      "SVGAnimateMotionElement": false,
      "SVGAnimateTransformElement": false,
      "SVGAnimatedAngle": false,
      "SVGAnimatedBoolean": false,
      "SVGAnimatedEnumeration": false,
      "SVGAnimatedInteger": false,
      "SVGAnimatedLength": false,
      "SVGAnimatedLengthList": false,
      "SVGAnimatedNumber": false,
      "SVGAnimatedNumberList": false,
      "SVGAnimatedPreserveAspectRatio": false,
      "SVGAnimatedRect": false,
      "SVGAnimatedString": false,
      "SVGAnimatedTransformList": false,
      "SVGAnimationElement": false,
      "SVGCircleElement": false,
      "SVGClipPathElement": "<path>",
      "SVGComponentTransferFunctionElement": false,
      "SVGDefsElement": false,
      "SVGDescElement": false,
      "SVGElement": false,
      "SVGEllipseElement": false,
      "SVGFEBlendElement": false,
      "SVGFEColorMatrixElement": false,
      "SVGFEComponentTransferElement": false,
      "SVGFECompositeElement": false,
      "SVGFEConvolveMatrixElement": false,
      "SVGFEDiffuseLightingElement": false,
      "SVGFEDisplacementMapElement": false,
      "SVGFEDistantLightElement": false,
      "SVGFEDropShadowElement": false,
      "SVGFEFloodElement": false,
      "SVGFEFuncAElement": false,
      "SVGFEFuncBElement": false,
      "SVGFEFuncGElement": false,
      "SVGFEFuncRElement": false,
      "SVGFEGaussianBlurElement": false,
      "SVGFEImageElement": false,
      "SVGFEMergeElement": false,
      "SVGFEMergeNodeElement": false,
      "SVGFEMorphologyElement": false,
      "SVGFEOffsetElement": false,
      "SVGFEPointLightElement": false,
      "SVGFESpecularLightingElement": false,
      "SVGFESpotLightElement": false,
      "SVGFETileElement": false,
      "SVGFETurbulenceElement": false,
      "SVGFilterElement": false,
      "SVGForeignObjectElement": false,
      "SVGGElement": false,
      "SVGGeometryElement": false,
      "SVGGradientElement": false,
      "SVGGraphicsElement": false,
      "SVGImageElement": false,
      "SVGLength": false,
      "SVGLengthList": false,
      "SVGLineElement": false,
      "SVGLinearGradientElement": false,
      "SVGMPathElement": "<path>",
      "SVGMarkerElement": false,
      "SVGMaskElement": false,
      "SVGMatrix": false,
      "SVGMetadataElement": false,
      "SVGNumber": false,
      "SVGNumberList": false,
      "SVGPathElement": "<path>",
      "SVGPatternElement": false,
      "SVGPoint": false,
      "SVGPointList": false,
      "SVGPolygonElement": false,
      "SVGPolylineElement": false,
      "SVGPreserveAspectRatio": false,
      "SVGRadialGradientElement": false,
      "SVGRect": false,
      "SVGRectElement": false,
      "SVGSVGElement": false,
      "SVGScriptElement": false,
      "SVGSetElement": false,
      "SVGStopElement": false,
      "SVGStringList": false,
      "SVGStyleElement": false,
      "SVGSwitchElement": false,
      "SVGSymbolElement": false,
      "SVGTSpanElement": false,
      "SVGTextContentElement": false,
      "SVGTextElement": false,
      "SVGTextPathElement": "<path>",
      "SVGTextPositioningElement": false,
      "SVGTitleElement": false,
      "SVGTransform": false,
      "SVGTransformList": false,
      "SVGUnitTypes": false,
      "SVGUseElement": false,
      "SVGViewElement": false,
      "Scheduler": false,
      "Scheduling": false,
      "Screen": false,
      "ScreenDetailed": false,
      "ScreenDetails": false,
      "ScreenOrientation": false,
      "ScriptProcessorNode": false,
      "ScrollTimeline": false,
      "SecurityPolicyViolationEvent": false,
      "Selection": false,
      "Sensor": false,
      "SensorErrorEvent": false,
      "Serial": false,
      "SerialPort": false,
      "ServiceWorker": false,
      "ServiceWorkerContainer": false,
      "ServiceWorkerRegistration": false,
      "ShadowRoot": false,
      "SharedStorage": false,
      "SharedStorageAppendMethod": false,
      "SharedStorageClearMethod": false,
      "SharedStorageDeleteMethod": false,
      "SharedStorageModifierMethod": false,
      "SharedStorageSetMethod": false,
      "SharedStorageWorklet": false,
      "SharedWorker": false,
      "SnapEvent": false,
      "SourceBuffer": false,
      "SourceBufferList": false,
      "SpeechGrammar": false,
      "SpeechGrammarList": false,
      "SpeechRecognition": false,
      "SpeechRecognitionErrorEvent": false,
      "SpeechRecognitionEvent": false,
      "SpeechRecognitionPhrase": false,
      "SpeechSynthesis": false,
      "SpeechSynthesisErrorEvent": false,
      "SpeechSynthesisEvent": false,
      "SpeechSynthesisUtterance": false,
      "SpeechSynthesisVoice": false,
      "StaticRange": false,
      "StereoPannerNode": false,
      "Storage": false,
      "StorageBucket": false,
      "StorageBucketManager": false,
      "StorageEvent": false,
      "StorageManager": false,
      "StylePropertyMap": false,
      "StylePropertyMapReadOnly": false,
      "StyleSheet": false,
      "StyleSheetList": false,
      "SubmitEvent": false,
      "Subscriber": false,
      "SubtleCrypto": false,
      "Summarizer": false,
      "SuppressedError": false,
      "SyncManager": false,
      "TEMPORARY": false,
      "TaskAttributionTiming": false,
      "TaskController": false,
      "TaskPriorityChangeEvent": false,
      "TaskSignal": false,
      "Temporal": false,
      "Text": false,
      "TextDecoder": false,
      "TextDecoderStream": false,
      "TextEncoder": false,
      "TextEncoderStream": false,
      "TextEvent": false,
      "TextFormat": false,
      "TextFormatUpdateEvent": false,
      "TextMetrics": false,
      "TextTrack": false,
      "TextTrackCue": false,
      "TextTrackCueList": false,
      "TextTrackList": false,
      "TextUpdateEvent": false,
      "TimeEvent": false,
      "TimeRanges": false,
      "ToggleEvent": false,
      "Touch": false,
      "TouchEvent": false,
      "TouchList": false,
      "TrackEvent": false,
      "TransformStream": false,
      "TransformStreamDefaultController": false,
      "TransitionEvent": false,
      "Translator": false,
      "TreeWalker": false,
      "TrustedHTML": false,
      "TrustedScript": false,
      "TrustedScriptURL": false,
      "TrustedTypePolicy": false,
      "TrustedTypePolicyFactory": false,
      "UIEvent": false,
      "URL": false,
      "URLPattern": false,
      "URLSearchParams": false,
      "USB": false,
      "USBAlternateInterface": false,
      "USBConfiguration": false,
      "USBConnectionEvent": false,
      "USBDevice": false,
      "USBEndpoint": false,
      "USBInTransferResult": false,
      "USBInterface": false,
      "USBIsochronousInTransferPacket": false,
      "USBIsochronousInTransferResult": false,
      "USBIsochronousOutTransferPacket": false,
      "USBIsochronousOutTransferResult": false,
      "USBOutTransferResult": false,
      "UserActivation": false,
      "VTTCue": false,
      "VTTRegion": false,
      "ValidityState": false,
      "VideoColorSpace": false,
      "VideoDecoder": false,
      "VideoEncoder": false,
      "VideoFrame": false,
      "VideoPlaybackQuality": false,
      "ViewTimeline": false,
      "ViewTransition": false,
      "ViewTransitionTypeSet": false,
      "Viewport": false,
      "VirtualKeyboard": false,
      "VirtualKeyboardGeometryChangeEvent": false,
      "VisibilityStateEntry": false,
      "VisualViewport": false,
      "WGSLLanguageFeatures": false,
      "WakeLock": false,
      "WakeLockSentinel": false,
      "WaveShaperNode": false,
      "WebAssembly": false,
      "WebGL2RenderingContext": false,
      "WebGLActiveInfo": false,
      "WebGLBuffer": false,
      "WebGLContextEvent": false,
      "WebGLFramebuffer": false,
      "WebGLObject": false,
      "WebGLProgram": false,
      "WebGLQuery": false,
      "WebGLRenderbuffer": false,
      "WebGLRenderingContext": false,
      "WebGLSampler": false,
      "WebGLShader": false,
      "WebGLShaderPrecisionFormat": false,
      "WebGLSync": false,
      "WebGLTexture": false,
      "WebGLTransformFeedback": false,
      "WebGLUniformLocation": false,
      "WebGLVertexArrayObject": false,
      "WebSocket": false,
      "WebSocketError": false,
      "WebSocketStream": false,
      "WebTransport": false,
      "WebTransportBidirectionalStream": false,
      "WebTransportDatagramDuplexStream": false,
      "WebTransportError": false,
      "WebTransportReceiveStream": false,
      "WebTransportSendStream": false,
      "WheelEvent": false,
      "Window": false,
      "WindowControlsOverlay": false,
      "WindowControlsOverlayGeometryChangeEvent": false,
      "Worker": false,
      "Worklet": false,
      "WritableStream": false,
      "WritableStreamDefaultController": false,
      "WritableStreamDefaultWriter": false,
      "XMLDocument": false,
      "XMLHttpRequest": false,
      "XMLHttpRequestEventTarget": false,
      "XMLHttpRequestUpload": false,
      "XMLSerializer": false,
      "XPathEvaluator": "<path>",
      "XPathExpression": "<path>",
      "XPathResult": "<path>",
      "XRAnchor": false,
      "XRAnchorSet": false,
      "XRBoundedReferenceSpace": false,
      "XRCPUDepthInformation": false,
      "XRCamera": false,
      "XRDOMOverlayState": false,
      "XRDepthInformation": false,
      "XRFrame": false,
      "XRHand": false,
      "XRHitTestResult": false,
      "XRHitTestSource": false,
      "XRInputSource": false,
      "XRInputSourceArray": false,
      "XRInputSourceEvent": false,
      "XRInputSourcesChangeEvent": false,
      "XRJointPose": false,
      "XRJointSpace": false,
      "XRLayer": false,
      "XRLightEstimate": false,
      "XRLightProbe": false,
      "XRPose": false,
      "XRRay": false,
      "XRReferenceSpace": false,
      "XRReferenceSpaceEvent": false,
      "XRRenderState": false,
      "XRRigidTransform": false,
      "XRSession": false,
      "XRSessionEvent": false,
      "XRSpace": false,
      "XRSystem": false,
      "XRTransientInputHitTestResult": false,
      "XRTransientInputHitTestSource": false,
      "XRView": false,
      "XRViewerPose": false,
      "XRViewport": false,
      "XRWebGLBinding": false,
      "XRWebGLDepthInformation": false,
      "XRWebGLLayer": false,
      "XSLTProcessor": false,
      "addEventListener": false,
      "ai": false,
      "alert": false,
      "atob": false,
      "blur": false,
      "btoa": false,
      "caches": false,
      "cancelAnimationFrame": false,
      "cancelIdleCallback": false,
      "clearInterval": false,
      "clearTimeout": false,
      "clientInformation": false,
      "close": false,
      "closed": false,
      "confirm": false,
      "console": false,
      "cookieStore": false,
      "createImageBitmap": false,
      "credentialless": false,
      "crossOriginIsolated": false,
      "crypto": false,
      "customElements": false,
      "devicePixelRatio": false,
      "dispatchEvent": false,
      "document": false,
      "documentPictureInPicture": false,
      "event": false,
      "external": false,
      "fence": false,
      "fetch": false,
      "fetchLater": false,
      "find": false,
      "focus": false,
      "frameElement": false,
      "frames": false,
      "getComputedStyle": false,
      "getScreenDetails": false,
      "getSelection": false,
      "history": false,
      "indexedDB": false,
      "innerHeight": false,
      "innerWidth": false,
      "isSecureContext": false,
      "launchQueue": false,
      "length": false,
      "localStorage": false,
      "location": true,
      "locationbar": false,
      "matchMedia": false,
      "menubar": false,
      "model": false,
      "moveBy": false,
      "moveTo": false,
      "name": false,
      "navigation": false,
      "navigator": false,
      "offscreenBuffering": false,
      "onabort": true,
      "onafterprint": true,
      "onanimationcancel": true,
      "onanimationend": true,
      "onanimationiteration": true,
      "onanimationstart": true,
      "onappinstalled": true,
      "onauxclick": true,
      "onbeforeinput": true,
      "onbeforeinstallprompt": true,
      "onbeforematch": true,
      "onbeforeprint": true,
      "onbeforetoggle": true,
      "onbeforeunload": true,
      "onbeforexrselect": true,
      "onblur": true,
      "oncancel": true,
      "oncanplay": true,
      "oncanplaythrough": true,
      "onchange": true,
      "onclick": true,
      "onclose": true,
      "oncommand": true,
      "oncontentvisibilityautostatechange": true,
      "oncontextlost": true,
      "oncontextmenu": true,
      "oncontextrestored": true,
      "oncopy": true,
      "oncuechange": true,
      "oncut": true,
      "ondblclick": true,
      "ondevicemotion": true,
      "ondeviceorientation": true,
      "ondeviceorientationabsolute": true,
      "ondrag": true,
      "ondragend": true,
      "ondragenter": true,
      "ondragleave": true,
      "ondragover": true,
      "ondragstart": true,
      "ondrop": true,
      "ondurationchange": true,
      "onemptied": true,
      "onended": true,
      "onerror": true,
      "onfocus": true,
      "onformdata": true,
      "ongamepadconnected": true,
      "ongamepaddisconnected": true,
      "ongotpointercapture": true,
      "onhashchange": true,
      "oninput": true,
      "oninvalid": true,
      "onkeydown": true,
      "onkeypress": true,
      "onkeyup": true,
      "onlanguagechange": true,
      "onload": true,
      "onloadeddata": true,
      "onloadedmetadata": true,
      "onloadstart": true,
      "onlostpointercapture": true,
      "onmessage": true,
      "onmessageerror": true,
      "onmousedown": true,
      "onmouseenter": true,
      "onmouseleave": true,
      "onmousemove": true,
      "onmouseout": true,
      "onmouseover": true,
      "onmouseup": true,
      "onmousewheel": true,
      "onoffline": true,
      "ononline": true,
      "onpagehide": true,
      "onpagereveal": true,
      "onpageshow": true,
      "onpageswap": true,
      "onpaste": true,
      "onpause": true,
      "onplay": true,
      "onplaying": true,
      "onpointercancel": true,
      "onpointerdown": true,
      "onpointerenter": true,
      "onpointerleave": true,
      "onpointermove": true,
      "onpointerout": true,
      "onpointerover": true,
      "onpointerrawupdate": true,
      "onpointerup": true,
      "onpopstate": true,
      "onprogress": true,
      "onratechange": true,
      "onrejectionhandled": true,
      "onreset": true,
      "onresize": true,
      "onscroll": true,
      "onscrollend": true,
      "onscrollsnapchange": true,
      "onscrollsnapchanging": true,
      "onsearch": true,
      "onsecuritypolicyviolation": true,
      "onseeked": true,
      "onseeking": true,
      "onselect": true,
      "onselectionchange": true,
      "onselectstart": true,
      "onslotchange": true,
      "onstalled": true,
      "onstorage": true,
      "onsubmit": true,
      "onsuspend": true,
      "ontimeupdate": true,
      "ontoggle": true,
      "ontransitioncancel": true,
      "ontransitionend": true,
      "ontransitionrun": true,
      "ontransitionstart": true,
      "onunhandledrejection": true,
      "onunload": true,
      "onvolumechange": true,
      "onwaiting": true,
      "onwheel": true,
      "open": false,
      "opener": false,
      "origin": false,
      "originAgentCluster": false,
      "outerHeight": false,
      "outerWidth": false,
      "pageXOffset": false,
      "pageYOffset": false,
      "parent": false,
      "performance": false,
      "personalbar": false,
      "postMessage": false,
      "print": false,
      "prompt": false,
      "queryLocalFonts": false,
      "queueMicrotask": false,
      "removeEventListener": false,
      "reportError": false,
      "requestAnimationFrame": false,
      "requestIdleCallback": false,
      "resizeBy": false,
      "resizeTo": false,
      "scheduler": false,
      "screen": false,
      "screenLeft": false,
      "screenTop": false,
      "screenX": false,
      "screenY": false,
      "scroll": false,
      "scrollBy": false,
      "scrollTo": false,
      "scrollX": false,
      "scrollY": false,
      "scrollbars": false,
      "self": false,
      "sessionStorage": false,
      "setInterval": false,
      "setTimeout": false,
      "sharedStorage": false,
      "showDirectoryPicker": false,
      "showOpenFilePicker": false,
      "showSaveFilePicker": false,
      "speechSynthesis": false,
      "status": false,
      "statusbar": false,
      "stop": false,
      "structuredClone": false,
      "styleMedia": false,
      "toolbar": false,
      "top": false,
      "trustedTypes": false,
      "viewport": false,
      "visualViewport": false,
      "when": false,
      "window": false,
    },
    "parser": "espree@10.4.0",
    "parserOptions": {
      "ecmaFeatures": {
        "jsx": true,
      },
      "sourceType": "module",
    },
    "sourceType": "module",
  },
  "linterOptions": {
    "reportUnusedDisableDirectives": 1,
  },
  "plugins": [
    "@",
    "react",
    "jsx-a11y:eslint-plugin-jsx-a11y@6.10.2",
    "react-hooks:eslint-plugin-react-hooks@7.0.0",
    "react-compiler:eslint-plugin-react-compiler",
  ],
  "rules": {
    "class-methods-use-this": [
      2,
      {
        "enforceForClassFields": true,
        "exceptMethods": [
          "UNSAFE_componentWillMount",
          "UNSAFE_componentWillReceiveProps",
          "UNSAFE_componentWillUpdate",
          "componentDidCatch",
          "componentDidMount",
          "componentDidUpdate",
          "componentWillMount",
          "componentWillReceiveProps",
          "componentWillUnmount",
          "componentWillUpdate",
          "getChildContext",
          "getDefaultProps",
          "getInitialState",
          "getSnapshotBeforeUpdate",
          "render",
          "shouldComponentUpdate",
        ],
        "ignoreOverrideMethods": false,
      },
    ],
    "jsx-a11y/accessible-emoji": [
      0,
    ],
    "jsx-a11y/alt-text": [
      2,
      {
        "area": [],
        "elements": [
          "img",
          "object",
          "area",
          "input[type="image"]",
        ],
        "img": [],
        "input[type="image"]": [],
        "object": [],
      },
    ],
    "jsx-a11y/anchor-ambiguous-text": [
      2,
    ],
    "jsx-a11y/anchor-has-content": [
      2,
      {
        "components": [],
      },
    ],
    "jsx-a11y/anchor-is-valid": [
      2,
      {
        "aspects": [
          "noHref",
          "invalidHref",
          "preferButton",
        ],
        "components": [
          "Link",
        ],
        "specialLink": [
          "to",
        ],
      },
    ],
    "jsx-a11y/aria-activedescendant-has-tabindex": [
      2,
    ],
    "jsx-a11y/aria-props": [
      2,
    ],
    "jsx-a11y/aria-proptypes": [
      2,
    ],
    "jsx-a11y/aria-role": [
      2,
      {
        "ignoreNonDOM": false,
      },
    ],
    "jsx-a11y/aria-unsupported-elements": [
      2,
    ],
    "jsx-a11y/autocomplete-valid": [
      0,
      {
        "inputComponents": [],
      },
    ],
    "jsx-a11y/click-events-have-key-events": [
      2,
    ],
    "jsx-a11y/control-has-associated-label": [
      2,
      {
        "controlComponents": [],
        "depth": 5,
        "ignoreElements": [
          "audio",
          "canvas",
          "embed",
          "input",
          "textarea",
          "tr",
          "video",
        ],
        "ignoreRoles": [
          "grid",
          "listbox",
          "menu",
          "menubar",
          "radiogroup",
          "row",
          "tablist",
          "toolbar",
          "tree",
          "treegrid",
        ],
        "labelAttributes": [
          "label",
        ],
      },
    ],
    "jsx-a11y/heading-has-content": [
      2,
      {
        "components": [
          "",
        ],
      },
    ],
    "jsx-a11y/html-has-lang": [
      2,
    ],
    "jsx-a11y/iframe-has-title": [
      2,
    ],
    "jsx-a11y/img-redundant-alt": [
      2,
    ],
    "jsx-a11y/interactive-supports-focus": [
      2,
    ],
    "jsx-a11y/label-has-associated-control": [
      2,
      {
        "assert": "both",
        "controlComponents": [],
        "depth": 25,
        "labelAttributes": [],
        "labelComponents": [],
      },
    ],
    "jsx-a11y/lang": [
      2,
    ],
    "jsx-a11y/media-has-caption": [
      2,
      {
        "audio": [],
        "track": [],
        "video": [],
      },
    ],
    "jsx-a11y/mouse-events-have-key-events": [
      2,
    ],
    "jsx-a11y/no-access-key": [
      2,
    ],
    "jsx-a11y/no-aria-hidden-on-focusable": [
      2,
    ],
    "jsx-a11y/no-autofocus": [
      2,
      {
        "ignoreNonDOM": true,
      },
    ],
    "jsx-a11y/no-distracting-elements": [
      2,
      {
        "elements": [
          "marquee",
          "blink",
        ],
      },
    ],
    "jsx-a11y/no-interactive-element-to-noninteractive-role": [
      2,
      {
        "tr": [
          "none",
          "presentation",
        ],
      },
    ],
    "jsx-a11y/no-noninteractive-element-interactions": [
      2,
      {
        "handlers": [
          "onClick",
          "onMouseDown",
          "onMouseUp",
          "onKeyPress",
          "onKeyDown",
          "onKeyUp",
        ],
      },
    ],
    "jsx-a11y/no-noninteractive-element-to-interactive-role": [
      2,
      {
        "li": [
          "menuitem",
          "option",
          "row",
          "tab",
          "treeitem",
        ],
        "ol": [
          "listbox",
          "menu",
          "menubar",
          "radiogroup",
          "tablist",
          "tree",
          "treegrid",
        ],
        "table": [
          "grid",
        ],
        "td": [
          "gridcell",
        ],
        "ul": [
          "listbox",
          "menu",
          "menubar",
          "radiogroup",
          "tablist",
          "tree",
          "treegrid",
        ],
      },
    ],
    "jsx-a11y/no-noninteractive-tabindex": [
      2,
      {
        "roles": [
          "tabpanel",
        ],
        "tags": [],
      },
    ],
    "jsx-a11y/no-onchange": [
      0,
    ],
    "jsx-a11y/no-redundant-roles": [
      2,
    ],
    "jsx-a11y/no-static-element-interactions": [
      2,
      {
        "handlers": [
          "onClick",
          "onMouseDown",
          "onMouseUp",
          "onKeyPress",
          "onKeyDown",
          "onKeyUp",
        ],
      },
    ],
    "jsx-a11y/prefer-tag-over-role": [
      0,
    ],
    "jsx-a11y/role-has-required-aria-props": [
      2,
    ],
    "jsx-a11y/role-supports-aria-props": [
      2,
    ],
    "jsx-a11y/scope": [
      2,
    ],
    "jsx-a11y/tabindex-no-positive": [
      2,
    ],
    "react-compiler/react-compiler": [
      2,
    ],
    "react-hooks/component-hook-factories": [
      2,
    ],
    "react-hooks/config": [
      0,
    ],
    "react-hooks/error-boundaries": [
      2,
    ],
    "react-hooks/exhaustive-deps": [
      2,
    ],
    "react-hooks/gating": [
      0,
    ],
    "react-hooks/globals": [
      2,
    ],
    "react-hooks/immutability": [
      2,
    ],
    "react-hooks/incompatible-library": [
      2,
    ],
    "react-hooks/preserve-manual-memoization": [
      2,
    ],
    "react-hooks/purity": [
      2,
    ],
    "react-hooks/refs": [
      2,
    ],
    "react-hooks/rules-of-hooks": [
      2,
    ],
    "react-hooks/set-state-in-effect": [
      2,
    ],
    "react-hooks/set-state-in-render": [
      2,
    ],
    "react-hooks/static-components": [
      2,
    ],
    "react-hooks/unsupported-syntax": [
      2,
    ],
    "react-hooks/use-memo": [
      2,
    ],
    "react/boolean-prop-naming": [
      0,
      {
        "message": "",
        "propTypeNames": [
          "bool",
          "mutuallyExclusiveTrueProps",
        ],
        "rule": "^(is|has)[A-Z]([A-Za-z0-9]?)+",
      },
    ],
    "react/button-has-type": [
      2,
      {
        "button": true,
        "reset": false,
        "submit": true,
      },
    ],
    "react/checked-requires-onchange-or-readonly": [
      2,
    ],
    "react/default-props-match-prop-types": [
      0,
    ],
    "react/destructuring-assignment": [
      0,
      "always",
    ],
    "react/display-name": [
      0,
      {
        "ignoreTranspilerName": false,
      },
    ],
    "react/forbid-component-props": [
      0,
      {
        "forbid": [],
      },
    ],
    "react/forbid-dom-props": [
      0,
      {
        "forbid": [],
      },
    ],
    "react/forbid-elements": [
      0,
      {
        "forbid": [],
      },
    ],
    "react/forbid-foreign-prop-types": [
      0,
    ],
    "react/forbid-prop-types": [
      0,
    ],
    "react/forward-ref-uses-ref": [
      2,
    ],
    "react/function-component-definition": [
      2,
      {
        "namedComponents": "arrow-function",
        "unnamedComponents": "arrow-function",
      },
    ],
    "react/hook-use-state": [
      2,
    ],
    "react/iframe-missing-sandbox": [
      2,
    ],
    "react/jsx-boolean-value": [
      2,
      "always",
    ],
    "react/jsx-child-element-spacing": [
      0,
    ],
    "react/jsx-closing-bracket-location": [
      0,
    ],
    "react/jsx-closing-tag-location": [
      0,
    ],
    "react/jsx-curly-brace-presence": [
      2,
      {
        "children": "never",
        "props": "never",
      },
    ],
    "react/jsx-curly-newline": [
      0,
    ],
    "react/jsx-curly-spacing": [
      0,
    ],
    "react/jsx-equals-spacing": [
      0,
    ],
    "react/jsx-filename-extension": [
      2,
      {
        "extensions": [
          ".jsx",
          ".tsx",
        ],
      },
    ],
    "react/jsx-first-prop-new-line": [
      0,
    ],
    "react/jsx-fragments": [
      2,
      "syntax",
    ],
    "react/jsx-handler-names": [
      2,
      {
        "checkInlineFunction": false,
        "checkLocalVariables": true,
        "eventHandlerPrefix": "handle",
        "eventHandlerPropPrefix": "on",
      },
    ],
    "react/jsx-indent": [
      0,
    ],
    "react/jsx-indent-props": [
      0,
    ],
    "react/jsx-key": [
      2,
      {
        "checkFragmentShorthand": true,
        "checkKeyMustBeforeSpread": true,
        "warnOnDuplicates": true,
      },
    ],
    "react/jsx-max-depth": [
      0,
    ],
    "react/jsx-max-props-per-line": [
      0,
    ],
    "react/jsx-newline": [
      0,
    ],
    "react/jsx-no-bind": [
      2,
      {
        "allowArrowFunctions": true,
        "allowBind": false,
        "allowFunctions": false,
        "ignoreDOMComponents": true,
        "ignoreRefs": true,
      },
    ],
    "react/jsx-no-comment-textnodes": [
      2,
    ],
    "react/jsx-no-constructed-context-values": [
      2,
    ],
    "react/jsx-no-duplicate-props": [
      2,
      {
        "ignoreCase": true,
      },
    ],
    "react/jsx-no-leaked-render": [
      2,
    ],
    "react/jsx-no-literals": [
      0,
      {
        "noStrings": true,
      },
    ],
    "react/jsx-no-script-url": [
      2,
      [
        {
          "name": "Link",
          "props": [
            "to",
          ],
        },
      ],
    ],
    "react/jsx-no-target-blank": [
      2,
      {
        "enforceDynamicLinks": "always",
        "forms": false,
        "links": true,
      },
    ],
    "react/jsx-no-undef": [
      2,
    ],
    "react/jsx-no-useless-fragment": [
      2,
    ],
    "react/jsx-one-expression-per-line": [
      0,
    ],
    "react/jsx-pascal-case": [
      2,
      {
        "allowAllCaps": true,
        "ignore": [],
      },
    ],
    "react/jsx-props-no-multi-spaces": [
      0,
    ],
    "react/jsx-props-no-spread-multi": [
      2,
    ],
    "react/jsx-props-no-spreading": [
      0,
    ],
    "react/jsx-sort-default-props": [
      0,
    ],
    "react/jsx-sort-prop-types": [
      0,
    ],
    "react/jsx-sort-props": [
      2,
      {
        "callbacksLast": false,
        "ignoreCase": true,
        "locale": "auto",
        "multiline": "ignore",
        "noSortAlphabetically": false,
        "reservedFirst": true,
        "shorthandFirst": false,
        "shorthandLast": false,
      },
    ],
    "react/jsx-space-before-closing": [
      0,
    ],
    "react/jsx-tag-spacing": [
      0,
    ],
    "react/jsx-uses-react": [
      0,
    ],
    "react/jsx-uses-vars": [
      2,
    ],
    "react/jsx-wrap-multilines": [
      0,
    ],
    "react/no-access-state-in-setstate": [
      2,
    ],
    "react/no-adjacent-inline-elements": [
      2,
    ],
    "react/no-array-index-key": [
      2,
    ],
    "react/no-arrow-function-lifecycle": [
      2,
    ],
    "react/no-children-prop": [
      2,
    ],
    "react/no-danger": [
      2,
    ],
    "react/no-danger-with-children": [
      2,
    ],
    "react/no-deprecated": [
      2,
    ],
    "react/no-did-mount-set-state": [
      2,
    ],
    "react/no-did-update-set-state": [
      2,
    ],
    "react/no-direct-mutation-state": [
      0,
    ],
    "react/no-find-dom-node": [
      2,
    ],
    "react/no-invalid-html-attribute": [
      2,
    ],
    "react/no-is-mounted": [
      2,
    ],
    "react/no-multi-comp": [
      0,
    ],
    "react/no-namespace": [
      2,
    ],
    "react/no-object-type-as-default-prop": [
      0,
    ],
    "react/no-redundant-should-component-update": [
      2,
    ],
    "react/no-render-return-value": [
      2,
    ],
    "react/no-set-state": [
      0,
    ],
    "react/no-string-refs": [
      2,
    ],
    "react/no-this-in-sfc": [
      2,
    ],
    "react/no-typos": [
      2,
    ],
    "react/no-unescaped-entities": [
      2,
    ],
    "react/no-unknown-property": [
      2,
    ],
    "react/no-unsafe": [
      0,
    ],
    "react/no-unstable-nested-components": [
      2,
      {
        "allowAsProps": true,
      },
    ],
    "react/no-unused-class-component-methods": [
      2,
    ],
    "react/no-unused-prop-types": [
      0,
    ],
    "react/no-unused-state": [
      2,
    ],
    "react/no-will-update-set-state": [
      2,
    ],
    "react/prefer-es6-class": [
      2,
      "always",
    ],
    "react/prefer-exact-props": [
      2,
    ],
    "react/prefer-read-only-props": [
      0,
    ],
    "react/prefer-stateless-function": [
      2,
      {
        "ignorePureComponents": true,
      },
    ],
    "react/prop-types": [
      0,
    ],
    "react/react-in-jsx-scope": [
      0,
    ],
    "react/require-default-props": [
      0,
    ],
    "react/require-optimization": [
      0,
      {
        "allowDecorators": [],
      },
    ],
    "react/require-render-return": [
      2,
    ],
    "react/self-closing-comp": [
      2,
    ],
    "react/sort-comp": [
      2,
      {
        "groups": {
          "lifecycle": [
            "displayName",
            "propTypes",
            "contextTypes",
            "childContextTypes",
            "mixins",
            "statics",
            "defaultProps",
            "constructor",
            "getDefaultProps",
            "getInitialState",
            "state",
            "getChildContext",
            "getDerivedStateFromProps",
            "componentWillMount",
            "UNSAFE_componentWillMount",
            "componentDidMount",
            "componentWillReceiveProps",
            "UNSAFE_componentWillReceiveProps",
            "shouldComponentUpdate",
            "componentWillUpdate",
            "UNSAFE_componentWillUpdate",
            "getSnapshotBeforeUpdate",
            "componentDidUpdate",
            "componentDidCatch",
            "componentWillUnmount",
          ],
          "rendering": [
            "/^render.+$/",
            "render",
          ],
        },
        "order": [
          "static-variables",
          "static-methods",
          "instance-variables",
          "lifecycle",
          "/^handle.+$/",
          "/^on.+$/",
          "getters",
          "setters",
          "/^(get|set)(?!(InitialState$|DefaultProps$|ChildContext$)).+$/",
          "instance-methods",
          "everything-else",
          "rendering",
        ],
      },
    ],
    "react/sort-default-props": [
      2,
      {
        "ignoreCase": true,
      },
    ],
    "react/sort-prop-types": [
      0,
    ],
    "react/state-in-constructor": [
      2,
      "never",
    ],
    "react/static-property-placement": [
      2,
      "static public field",
    ],
    "react/style-prop-object": [
      2,
    ],
    "react/void-dom-elements-no-children": [
      2,
    ],
  },
  "settings": {
    "react": {
      "version": "detect",
    },
  },
}