{
  "language": "@/js",
  "languageOptions": {
    "ecmaVersion": 2025,
    "parser": "espree@10.3.0",
    "parserOptions": {
      "sourceType": "module",
    },
    "sourceType": "module",
  },
  "linterOptions": {
    "reportUnusedDisableDirectives": 1,
  },
  "plugins": [
    "@",
    "storybook",
  ],
  "rules": {
    "storybook/await-interactions": [
      2,
    ],
    "storybook/context-in-play-function": [
      2,
    ],
    "storybook/csf-component": [
      2,
    ],
    "storybook/default-exports": [
      2,
    ],
    "storybook/hierarchy-separator": [
      2,
    ],
    "storybook/meta-inline-properties": [
      2,
      {
        "csfVersion": 3,
      },
    ],
    "storybook/meta-satisfies-type": [
      2,
    ],
    "storybook/no-redundant-story-name": [
      2,
    ],
    "storybook/no-stories-of": [
      2,
    ],
    "storybook/no-title-property-in-meta": [
      0,
    ],
    "storybook/no-uninstalled-addons": [
      2,
      {
        "ignore": [],
        "packageJsonLocation": "",
      },
    ],
    "storybook/prefer-pascal-case": [
      2,
    ],
    "storybook/story-exports": [
      2,
    ],
    "storybook/use-storybook-expect": [
      2,
    ],
    "storybook/use-storybook-testing-library": [
      2,
    ],
  },
}