{
  "language": "@/js",
  "languageOptions": {
    "ecmaVersion": 2025,
    "globals": {
      "afterAll": true,
      "afterEach": true,
      "assert": true,
      "assertType": true,
      "beforeAll": true,
      "beforeEach": true,
      "describe": true,
      "expect": true,
      "expectTypeOf": true,
      "it": true,
      "onTestFailed": true,
      "onTestFinished": true,
      "suite": true,
      "test": true,
      "vi": true,
      "vitest": true,
    },
    "parser": "espree@10.3.0",
    "parserOptions": {
      "sourceType": "module",
    },
    "sourceType": "module",
  },
  "linterOptions": {
    "reportUnusedDisableDirectives": 1,
  },
  "plugins": [
    "@",
    "vitest:vitest@0.5.3",
    "jest-formatting",
    "no-only-tests",
  ],
  "rules": {
    "jest-formatting/padding-around-after-all-blocks": [
      2,
    ],
    "jest-formatting/padding-around-after-each-blocks": [
      2,
    ],
    "jest-formatting/padding-around-all": [
      0,
    ],
    "jest-formatting/padding-around-before-all-blocks": [
      2,
    ],
    "jest-formatting/padding-around-before-each-blocks": [
      2,
    ],
    "jest-formatting/padding-around-describe-blocks": [
      2,
    ],
    "jest-formatting/padding-around-expect-groups": [
      2,
    ],
    "jest-formatting/padding-around-test-blocks": [
      2,
    ],
    "no-only-tests/no-only-tests": [
      2,
    ],
    "vitest/consistent-test-filename": [
      2,
    ],
    "vitest/consistent-test-it": [
      2,
    ],
    "vitest/expect-expect": [
      2,
    ],
    "vitest/max-expects": [
      2,
      {
        "max": 15,
      },
    ],
    "vitest/max-nested-describe": [
      2,
    ],
    "vitest/no-alias-methods": [
      2,
    ],
    "vitest/no-commented-out-tests": [
      2,
    ],
    "vitest/no-conditional-expect": [
      2,
    ],
    "vitest/no-conditional-in-test": [
      2,
    ],
    "vitest/no-conditional-tests": [
      2,
    ],
    "vitest/no-disabled-tests": [
      0,
    ],
    "vitest/no-done-callback": [
      2,
    ],
    "vitest/no-duplicate-hooks": [
      2,
    ],
    "vitest/no-focused-tests": [
      2,
    ],
    "vitest/no-hooks": [
      0,
    ],
    "vitest/no-identical-title": [
      2,
    ],
    "vitest/no-import-node-test": [
      2,
    ],
    "vitest/no-interpolation-in-snapshots": [
      2,
    ],
    "vitest/no-large-snapshots": [
      2,
      {
        "maxSize": 500,
      },
    ],
    "vitest/no-mocks-import": [
      2,
    ],
    "vitest/no-restricted-matchers": [
      2,
    ],
    "vitest/no-restricted-vi-methods": [
      2,
    ],
    "vitest/no-standalone-expect": [
      2,
    ],
    "vitest/no-test-prefixes": [
      2,
    ],
    "vitest/no-test-return-statement": [
      2,
    ],
    "vitest/prefer-called-with": [
      2,
    ],
    "vitest/prefer-comparison-matcher": [
      2,
    ],
    "vitest/prefer-each": [
      2,
    ],
    "vitest/prefer-equality-matcher": [
      2,
    ],
    "vitest/prefer-expect-assertions": [
      0,
    ],
    "vitest/prefer-expect-resolves": [
      2,
    ],
    "vitest/prefer-hooks-in-order": [
      2,
    ],
    "vitest/prefer-hooks-on-top": [
      2,
    ],
    "vitest/prefer-lowercase-title": [
      0,
    ],
    "vitest/prefer-mock-promise-shorthand": [
      2,
    ],
    "vitest/prefer-snapshot-hint": [
      2,
    ],
    "vitest/prefer-spy-on": [
      2,
    ],
    "vitest/prefer-strict-equal": [
      2,
    ],
    "vitest/prefer-to-be": [
      2,
    ],
    "vitest/prefer-to-be-falsy": [
      0,
    ],
    "vitest/prefer-to-be-object": [
      2,
    ],
    "vitest/prefer-to-be-truthy": [
      0,
    ],
    "vitest/prefer-to-contain": [
      2,
    ],
    "vitest/prefer-to-have-length": [
      2,
    ],
    "vitest/prefer-todo": [
      2,
    ],
    "vitest/require-hook": [
      2,
    ],
    "vitest/require-local-test-context-for-concurrent-snapshots": [
      2,
    ],
    "vitest/require-to-throw-message": [
      2,
    ],
    "vitest/require-top-level-describe": [
      2,
    ],
    "vitest/valid-describe-callback": [
      2,
    ],
    "vitest/valid-expect": [
      2,
    ],
    "vitest/valid-title": [
      2,
    ],
  },
}